// Jest Snapshot v1, https://goo.gl/fbAQLP

exports[`renders No points message 1`] = `
<div>
  No Points at the moment. We might be fetching them.
</div>
`;

exports[`renders the chart 1`] = `
<div
  className="scatterplot-container"
>
  <div
    className="scatterplot-chart-5d14b9d78cd38f1509276ee3690d69858c851530"
  >
    <style
      dangerouslySetInnerHTML={
        Object {
          "__html": ".scatterplot-chart-5d14b9d78cd38f1509276ee3690d69858c851530 .pie-chart-slice{stroke: #fff;
        stroke-width: 1;
        opacity: 1;}.scatterplot-chart-5d14b9d78cd38f1509276ee3690d69858c851530 .pie-chart-slice:hover{opacity: 0.8;}.scatterplot-chart-5d14b9d78cd38f1509276ee3690d69858c851530 .pie-chart-label{font-family: sans-serif;
        font-size: 12px;
        text-anchor: middle;
        fill: #000;}.scatterplot-chart-5d14b9d78cd38f1509276ee3690d69858c851530 .bar{fill: blue;
        transition: x 0.35s ease-in, y 0.35s ease-in, height 0.5s ease-in, width 0.5s ease-in;
        opacity: 1;}.scatterplot-chart-5d14b9d78cd38f1509276ee3690d69858c851530 .bar:hover{opacity: 0.8;}.scatterplot-chart-5d14b9d78cd38f1509276ee3690d69858c851530 .line{fill: none;
        stroke-width: 1.5;
        opacity: 0.7;}.scatterplot-chart-5d14b9d78cd38f1509276ee3690d69858c851530 .line:hover{opacity: 1;}.scatterplot-chart-5d14b9d78cd38f1509276ee3690d69858c851530 .area{opacity: 0.7;}.scatterplot-chart-5d14b9d78cd38f1509276ee3690d69858c851530 .area:hover{opacity: 1;}.scatterplot-chart-5d14b9d78cd38f1509276ee3690d69858c851530 .dot{stroke-width: 0;
        opacity: 0.85;
        transition: cx 0.35s ease-in, cy 0.35s ease-in, r 0.5s ease-in;}.scatterplot-chart-5d14b9d78cd38f1509276ee3690d69858c851530 .dot:hover{opacity: 1;}.scatterplot-chart-5d14b9d78cd38f1509276ee3690d69858c851530 circle.data-point{r: 4px;
        opacity: 0.7;
        transition: cx 0.35s ease-in, cy 0.35s ease-in;}.scatterplot-chart-5d14b9d78cd38f1509276ee3690d69858c851530 circle.data-point:hover{r: 6px;
        opacity: 1;}.scatterplot-chart-5d14b9d78cd38f1509276ee3690d69858c851530 circle.tick-circle{r: 2px;
        fill: lightgrey;}.scatterplot-chart-5d14b9d78cd38f1509276ee3690d69858c851530 .x circle.tick-circle{cy: 8px;}.scatterplot-chart-5d14b9d78cd38f1509276ee3690d69858c851530 .axis{font-family: dobra-light,Arial,sans-serif;
        font-size: 9px;}.scatterplot-chart-5d14b9d78cd38f1509276ee3690d69858c851530 .axis .label{font: 14px arial;}.scatterplot-chart-5d14b9d78cd38f1509276ee3690d69858c851530 .axis path,.scatterplot-chart-5d14b9d78cd38f1509276ee3690d69858c851530 .axis line{fill: none;
        stroke-width: 1;
        shape-rendering: crispEdges;}.scatterplot-chart-5d14b9d78cd38f1509276ee3690d69858c851530 x.axis path{display: none;
        stroke: lightgrey;}.scatterplot-chart-5d14b9d78cd38f1509276ee3690d69858c851530 .tick line{stroke: lightgrey;
        stroke-width: 1;
        opacity: 0.7;}.scatterplot-chart-5d14b9d78cd38f1509276ee3690d69858c851530 .x circle.tick-circle{fill: lightgrey;}.scatterplot-chart-5d14b9d78cd38f1509276ee3690d69858c851530 .y circle.tick-circle{cx: -8px;
        fill: lightgrey;}.scatterplot-chart-5d14b9d78cd38f1509276ee3690d69858c851530 .y.axis line{display: none;
        stroke: lightgrey;}",
        }
      }
    />
    <svg
      height={563}
      style={Object {}}
      width={1072}
    >
      <g
        style={Object {}}
        transform="translate(48, 24)"
      >
        <g
          className="x axis"
          id="scatterplot-x-axis-5d14b9d78cd38f1509276ee3690d69858c851530"
          style={Object {}}
          transform="translate(0, 442)"
        />
        <g
          className="y axis"
          id="scatterplot-y-axis-5d14b9d78cd38f1509276ee3690d69858c851530"
          style={Object {}}
          transform="translate(0, 0)"
        />
        <g
          id="scatterplot-chart-5d14b9d78cd38f1509276ee3690d69858c851530"
          style={Object {}}
        />
      </g>
    </svg>
  </div>
</div>
`;
